#-----------------------------------------------------------
# Webtalk v2020.1 (64-bit)
# SW Build 2902540 on Wed May 27 19:54:49 MDT 2020
# IP Build 2902112 on Wed May 27 22:43:36 MDT 2020
# Start of session at: Fri Oct  9 22:09:03 2020
# Process ID: 25420
# Current directory: C:/Users/ethan/Documents/GitHub/Ray-Tracing/FPGA HDL/work/vivado/WhittedV1/WhittedV1.sim/sim_1/synth/func/xsim
# Command line: wbtcv.exe -mode batch -source C:/Users/ethan/Documents/GitHub/Ray-Tracing/FPGA HDL/work/vivado/WhittedV1/WhittedV1.sim/sim_1/synth/func/xsim/xsim.dir/topTB_func_synth/webtalk/xsim_webtalk.tcl -notrace
# Log file: C:/Users/ethan/Documents/GitHub/Ray-Tracing/FPGA HDL/work/vivado/WhittedV1/WhittedV1.sim/sim_1/synth/func/xsim/webtalk.log
# Journal file: C:/Users/ethan/Documents/GitHub/Ray-Tracing/FPGA HDL/work/vivado/WhittedV1/WhittedV1.sim/sim_1/synth/func/xsim\webtalk.jou
#-----------------------------------------------------------
source C:/Users/ethan/Documents/GitHub/Ray-Tracing/FPGA -notrace
