#-----------------------------------------------------------
# Webtalk v2020.2 (64-bit)
# SW Build 3064766 on Wed Nov 18 09:12:45 MST 2020
# IP Build 3064653 on Wed Nov 18 14:17:31 MST 2020
# Start of session at: Wed Jan  5 12:36:10 2022
# Process ID: 23092
# Current directory: C:/Users/ethan/Documents/GitHub/Ray-Tracing/FPGA-HDL/work/vivado/WhittedV1/WhittedV1.sim/sim_1/behav/xsim
# Command line: wbtcv.exe -mode batch -source C:/Users/ethan/Documents/GitHub/Ray-Tracing/FPGA-HDL/work/vivado/WhittedV1/WhittedV1.sim/sim_1/behav/xsim/xsim.dir/topTB_behav/webtalk/xsim_webtalk.tcl -notrace
# Log file: C:/Users/ethan/Documents/GitHub/Ray-Tracing/FPGA-HDL/work/vivado/WhittedV1/WhittedV1.sim/sim_1/behav/xsim/webtalk.log
# Journal file: C:/Users/ethan/Documents/GitHub/Ray-Tracing/FPGA-HDL/work/vivado/WhittedV1/WhittedV1.sim/sim_1/behav/xsim\webtalk.jou
#-----------------------------------------------------------
source C:/Users/ethan/Documents/GitHub/Ray-Tracing/FPGA-HDL/work/vivado/WhittedV1/WhittedV1.sim/sim_1/behav/xsim/xsim.dir/topTB_behav/webtalk/xsim_webtalk.tcl -notrace
